Local property listing screenshot capture
Output directory: assets/property-listing-screenshots
Persistent browser profile: .playwright-local-profile/property-listings
CDP endpoint: http://127.0.0.1:9222
Manual mode: off


Opening HAR / Desktop: https://www.har.com/homedetail/7101-wendemere-st-houston-tx-77088/11143299
Saved assets\property-listing-screenshots\01-har\01-har-desktop.png

Opening HAR / Tablet: https://www.har.com/homedetail/7101-wendemere-st-houston-tx-77088/11143299
Using existing Edge tab: https://www.har.com/homedetail/7101-wendemere-st-houston-tx-77088/11143299
Saved assets\property-listing-screenshots\01-har\01-har-tablet.png

Opening HAR / Mobile: https://www.har.com/homedetail/7101-wendemere-st-houston-tx-77088/11143299
Using existing Edge tab: https://www.har.com/homedetail/7101-wendemere-st-houston-tx-77088/11143299
Saved assets\property-listing-screenshots\01-har\01-har-mobile.png

Opening Zillow / Desktop: https://www.zillow.com/homedetails/7101-Wendemere-St-Houston-TX-77088/27755092_zpid/
Closed/dismissed: button:Got it
Closed/dismissed: button:Close
Saved assets\property-listing-screenshots\02-zillow\02-zillow-desktop.png

Opening Zillow / Tablet: https://www.zillow.com/homedetails/7101-Wendemere-St-Houston-TX-77088/27755092_zpid/
Using existing Edge tab: https://www.zillow.com/homedetails/7101-Wendemere-St-Houston-TX-77088/27755092_zpid/
Closed/dismissed: button:Got it
Closed/dismissed: button:Close
Saved assets\property-listing-screenshots\02-zillow\02-zillow-tablet.png

Opening Zillow / Mobile: https://www.zillow.com/homedetails/7101-Wendemere-St-Houston-TX-77088/27755092_zpid/
Using existing Edge tab: https://www.zillow.com/homedetails/7101-Wendemere-St-Houston-TX-77088/27755092_zpid/
Closed/dismissed: button:Got it
Closed/dismissed: button:Close
Saved assets\property-listing-screenshots\02-zillow\02-zillow-mobile.png

Done. Manifest: assets\property-listing-screenshots\capture-manifest.json
